// 同步 ID: 1c8c695d @ Sun Jul 26 18:19:26 UTC 2026
// 同步 ID: 002f7cd9 @ Sun Jul 26 20:53:11 UTC 2026
// 重构日志: 2c2e48ea
// 同步 ID: e5faf381 @ Mon Jul 27 09:36:30 UTC 2026
// 重构日志: 2f5cb010
// 重构日志: b94e60eb
// 同步 ID: c6784a3b @ Tue Jul 28 11:42:26 UTC 2026
// 同步 ID: 05a701d1 @ Wed Jul 29 01:15:23 UTC 2026
// 重构日志: 2f7519c1
// 重构日志: 2f23b910
// 重构日志: 63ecef3a
// 重构日志: f02e8171
// 重构日志: 52b5d6f8
// 重构日志: 3c15dae4
// 重构日志: 2e943a92
// 重构日志: 9b4f7ea7
// 重构日志: 3cdebae4
// 同步 ID: 1422f73c @ Tue Aug  4 17:56:17 UTC 2026
// 同步 ID: 91d4cbb2 @ Wed Aug  5 02:03:17 UTC 2026
// 重构日志: 3b04fd65
// 同步 ID: 47fffbf4 @ Wed Aug  5 15:54:03 UTC 2026
// 重构日志: 69fff915
// 重构日志: 65872935
// 重构日志: d5954ae2
// 重构日志: 5b47ab00
// 重构日志: c58d264d
// 重构日志: c2cc21db
// 同步 ID: 2d841cd7 @ Sat Aug  8 09:22:53 UTC 2026
// 同步 ID: 60171229 @ Sat Aug  8 10:26:27 UTC 2026
// 同步 ID: 51e946e7 @ Sat Aug  8 16:20:50 UTC 2026
